postgres-# 
postgres-# DROP TABLE IF EXISTS students;

CREATE TABLE students (
    student_id SERIAL PRIMARY KEY,
    first_name VARCHAR(50),
    last_name VARCHAR(50),
    birth_date DATE
);
ERROR:  syntax error at or near "ls"
LINE 1: ls
        ^
ERROR:  relation "students" already exists
postgres=# INSERT INTO students (first_name, last_name, birth_date)
VALUES ('Aibek', 'Sharshenov', '2002-05-12');
ERROR:  column "birth_date" of relation "students" does not exist
LINE 1: INSERT INTO students (first_name, last_name, birth_date)
                                                     ^
postgres=# INSERT INTO students (first_name, last_name, birth_date) VALUES
('Ainura', 'Toktomamatova', '2001-09-23'),
('Bakyt', 'Mamatov', '2003-01-15'),
('Gulzat', 'Sultanova', '2002-07-30');
ERROR:  column "birth_date" of relation "students" does not exist
LINE 1: INSERT INTO students (first_name, last_name, birth_date) VAL...
                                                     ^
postgres=# UPDATE students
SET birth_date = '2002-05-15'
WHERE first_name = 'Aibek' AND last_name = 'Sharshenov';
ERROR:  column "birth_date" of relation "students" does not exist
LINE 2: SET birth_date = '2002-05-15'
            ^
postgres=# DELETE FROM students
WHERE first_name = 'Gulzat' AND last_name = 'Sultanova';
DELETE 0
postgres=# DELETE FROM students
WHERE birth_date < '2002-01-01';
ERROR:  column "birth_date" does not exist
LINE 2: WHERE birth_date < '2002-01-01';
              ^
postgres=# 
